// Jest Snapshot v1, https://goo.gl/fbAQLP

exports[`Hero renders 1`] = `
<div>
  <div
    class="mantine-1iugybl mantine-1y9xq1b"
  >
    <img
      alt="houses"
      class="mantine-18szc2b"
      data-nimg="fill"
      decoding="async"
      sizes="100vw"
      src="/_next/image?url=%2Fimg.jpg&w=3840&q=75"
      srcset="/_next/image?url=%2Fimg.jpg&w=640&q=75 640w, /_next/image?url=%2Fimg.jpg&w=750&q=75 750w, /_next/image?url=%2Fimg.jpg&w=828&q=75 828w, /_next/image?url=%2Fimg.jpg&w=1080&q=75 1080w, /_next/image?url=%2Fimg.jpg&w=1200&q=75 1200w, /_next/image?url=%2Fimg.jpg&w=1920&q=75 1920w, /_next/image?url=%2Fimg.jpg&w=2048&q=75 2048w, /_next/image?url=%2Fimg.jpg&w=3840&q=75 3840w"
      style="position: absolute; height: 100%; width: 100%; left: 0px; top: 0px; right: 0px; bottom: 0px; color: transparent;"
    />
    <div
      class="mantine-Overlay-root mantine-1pa6mid"
    >
      <div
        class="mantine-Container-root mantine-kypcyk"
      >
        <h1
          class="mantine-Text-root mantine-Title-root mantine-1pa9w1p"
        >
          Namų ir verslo apsaugos sprendimai
        </h1>
        <div
          class="mantine-Text-root mantine-1bm3ovv"
        >
          Aukščiausio lygio paslaugos fizinės bei elektroninės apsaugos srityse
        </div>
        <a
          class="mantine-UnstyledButton-root mantine-Button-root mantine-hb0fps"
          data-button="true"
          href="/susisiekite"
          type="button"
        >
          <div
            class="mantine-1wpc1xj mantine-Button-inner"
          >
            <span
              class="mantine-1ryt1ht mantine-Button-label"
            >
              Susisiekite su mumis
            </span>
          </div>
        </a>
      </div>
    </div>
  </div>
</div>
`;
